[    0.000000] Linux version 4.15.0-204-generic (buildd@lcy02-amd64-030) (gcc version 7.5.0 (Ubuntu 7.5.0-3ubuntu1~18.04)) #215-Ubuntu SMP Fri Jan 20 18:24:59 UTC 2023 (Ubuntu 4.15.0-204.215-generic 4.15.18)
[    0.000000] Command line: BOOT_IMAGE=/boot/vmlinuz-4.15.0-204-generic root=LABEL=cloudimg-rootfs ro console=tty1 console=ttyS0
[    0.000000] KERNEL supported cpus:
[    0.000000]   Intel GenuineIntel
[    0.000000]   AMD AuthenticAMD
[    0.000000]   Centaur CentaurHauls
[    0.000000] x86/fpu: x87 FPU will use FXSAVE
[    0.000000] e820: BIOS-provided physical RAM map:
[    0.000000] BIOS-e820: [mem 0x0000000000000000-0x000000000009fbff] usable
[    0.000000] BIOS-e820: [mem 0x000000000009fc00-0x000000000009ffff] reserved
[    0.000000] BIOS-e820: [mem 0x00000000000f0000-0x00000000000fffff] reserved
[    0.000000] BIOS-e820: [mem 0x0000000000100000-0x000000003ffeffff] usable
[    0.000000] BIOS-e820: [mem 0x000000003fff0000-0x000000003fffffff] ACPI data
[    0.000000] BIOS-e820: [mem 0x00000000fec00000-0x00000000fec00fff] reserved
[    0.000000] BIOS-e820: [mem 0x00000000fee00000-0x00000000fee00fff] reserved
[    0.000000] BIOS-e820: [mem 0x00000000fffc0000-0x00000000ffffffff] reserved
[    0.000000] NX (Execute Disable) protection: active
[    0.000000] SMBIOS 2.5 present.
[    0.000000] DMI: innotek GmbH VirtualBox/VirtualBox, BIOS VirtualBox 12/01/2006
[    0.000000] Hypervisor detected: KVM
[    0.000000] e820: last_pfn = 0x3fff0 max_arch_pfn = 0x400000000
[    0.000000] MTRR: Disabled
[    0.000000] x86/PAT: MTRRs disabled, skipping PAT initialization too.
[    0.000000] CPU MTRRs all blank - virtualized system.
[    0.000000] x86/PAT: Configuration [0-7]: WB  WT  UC- UC  WB  WT  UC- UC  
[    0.000000] found SMP MP-table at [mem 0x0009fff0-0x0009ffff]
[    0.000000] Scanning 1 areas for low memory corruption
[    0.000000] RAMDISK: [mem 0x359cb000-0x36cdcfff]
[    0.000000] ACPI: Early table checksum verification disabled
[    0.000000] ACPI: RSDP 0x00000000000E0000 000024 (v02 VBOX  )
[    0.000000] ACPI: XSDT 0x000000003FFF0030 00003C (v01 VBOX   VBOXXSDT 00000001 ASL  00000061)
[    0.000000] ACPI: FACP 0x000000003FFF00F0 0000F4 (v04 VBOX   VBOXFACP 00000001 ASL  00000061)
[    0.000000] ACPI: DSDT 0x000000003FFF0610 002353 (v02 VBOX   VBOXBIOS 00000002 INTL 20220331)
[    0.000000] ACPI: FACS 0x000000003FFF0200 000040
[    0.000000] ACPI: FACS 0x000000003FFF0200 000040
[    0.000000] ACPI: APIC 0x000000003FFF0240 00005C (v02 VBOX   VBOXAPIC 00000001 ASL  00000061)
[    0.000000] ACPI: SSDT 0x000000003FFF02A0 00036C (v01 VBOX   VBOXCPUT 00000002 INTL 20220331)
[    0.000000] ACPI: Reserving FACP table memory at [mem 0x3fff00f0-0x3fff01e3]
[    0.000000] ACPI: Reserving DSDT table memory at [mem 0x3fff0610-0x3fff2962]
[    0.000000] ACPI: Reserving FACS table memory at [mem 0x3fff0200-0x3fff023f]
[    0.000000] ACPI: Reserving FACS table memory at [mem 0x3fff0200-0x3fff023f]
[    0.000000] ACPI: Reserving APIC table memory at [mem 0x3fff0240-0x3fff029b]
[    0.000000] ACPI: Reserving SSDT table memory at [mem 0x3fff02a0-0x3fff060b]
[    0.000000] No NUMA configuration found
[    0.000000] Faking a node at [mem 0x0000000000000000-0x000000003ffeffff]
[    0.000000] NODE_DATA(0) allocated [mem 0x3ffc5000-0x3ffeffff]
[    0.000000] kvm-clock: cpu 0, msr 0:3ff44001, primary cpu clock
[    0.000000] kvm-clock: Using msrs 4b564d01 and 4b564d00
[    0.000000] kvm-clock: using sched offset of 19075802340 cycles
[    0.000000] clocksource: kvm-clock: mask: 0xffffffffffffffff max_cycles: 0x1cd42e4dffb, max_idle_ns: 881590591483 ns
[    0.000000] Zone ranges:
[    0.000000]   DMA      [mem 0x0000000000001000-0x0000000000ffffff]
[    0.000000]   DMA32    [mem 0x0000000001000000-0x000000003ffeffff]
[    0.000000]   Normal   empty
[    0.000000]   Device   empty
[    0.000000] Movable zone start for each node
[    0.000000] Early memory node ranges
[    0.000000]   node   0: [mem 0x0000000000001000-0x000000000009efff]
[    0.000000]   node   0: [mem 0x0000000000100000-0x000000003ffeffff]
[    0.000000] Reserved but unavailable: 104 pages
[    0.000000] Initmem setup node 0 [mem 0x0000000000001000-0x000000003ffeffff]
[    0.000000] ACPI: PM-Timer IO Port: 0x4008
[    0.000000] IOAPIC[0]: apic_id 2, version 32, address 0xfec00000, GSI 0-23
[    0.000000] ACPI: INT_SRC_OVR (bus 0 bus_irq 0 global_irq 2 dfl dfl)
[    0.000000] ACPI: INT_SRC_OVR (bus 0 bus_irq 9 global_irq 9 low level)
[    0.000000] Using ACPI (MADT) for SMP configuration information
[    0.000000] smpboot: Allowing 2 CPUs, 0 hotplug CPUs
[    0.000000] PM: Registered nosave memory: [mem 0x00000000-0x00000fff]
[    0.000000] PM: Registered nosave memory: [mem 0x0009f000-0x0009ffff]
[    0.000000] PM: Registered nosave memory: [mem 0x000a0000-0x000effff]
[    0.000000] PM: Registered nosave memory: [mem 0x000f0000-0x000fffff]
[    0.000000] e820: [mem 0x40000000-0xfebfffff] available for PCI devices
[    0.000000] Booting paravirtualized kernel on KVM
[    0.000000] clocksource: refined-jiffies: mask: 0xffffffff max_cycles: 0xffffffff, max_idle_ns: 7645519600211568 ns
[    0.000000] setup_percpu: NR_CPUS:8192 nr_cpumask_bits:2 nr_cpu_ids:2 nr_node_ids:1
[    0.000000] percpu: Embedded 50 pages/cpu s167936 r8192 d28672 u1048576
[    0.000000] PV qspinlock hash table entries: 256 (order: 0, 4096 bytes)
[    0.000000] Built 1 zonelists, mobility grouping on.  Total pages: 257913
[    0.000000] Policy zone: DMA32
[    0.000000] Kernel command line: BOOT_IMAGE=/boot/vmlinuz-4.15.0-204-generic root=LABEL=cloudimg-rootfs ro console=tty1 console=ttyS0
[    0.000000] Memory: 982644K/1048120K available (12300K kernel code, 2477K rwdata, 4324K rodata, 2480K init, 2720K bss, 65476K reserved, 0K cma-reserved)
[    0.000000] SLUB: HWalign=64, Order=0-3, MinObjects=0, CPUs=2, Nodes=1
[    0.000000] Kernel/User page tables isolation: enabled
[    0.000000] ftrace: allocating 39488 entries in 155 pages
[    0.004000] Hierarchical RCU implementation.
[    0.004000] 	RCU restricting CPUs from NR_CPUS=8192 to nr_cpu_ids=2.
[    0.004000] 	Tasks RCU enabled.
[    0.004000] RCU: Adjusting geometry for rcu_fanout_leaf=16, nr_cpu_ids=2
[    0.004000] NR_IRQS: 524544, nr_irqs: 440, preallocated irqs: 16
[    0.004000] Console: colour VGA+ 80x25
[    0.004000] console [tty1] enabled
[    0.004000] console [ttyS0] enabled
[    0.004000] ACPI: Core revision 20170831
[    0.004000] ACPI: 2 ACPI AML tables successfully acquired and loaded
[    0.004000] APIC: Switch to symmetric I/O mode setup
[    0.004000] x2apic enabled
[    0.004000] Switched APIC routing to physical x2apic.
[    0.004000] ..TIMER: vector=0x30 apic1=0 pin1=2 apic2=-1 pin2=-1
[    0.004085] tsc: Detected 24.019 MHz processor
[    0.004495] Calibrating delay loop (skipped) preset value.. 48.03 BogoMIPS (lpj=96076)
[    0.005135] pid_max: default: 32768 minimum: 301
[    0.012199] Security Framework initialized
[    0.012631] Yama: becoming mindful.
[    0.014773] AppArmor: AppArmor initialized
[    0.024000] Dentry cache hash table entries: 131072 (order: 8, 1048576 bytes)
[    0.027719] Inode-cache hash table entries: 65536 (order: 7, 524288 bytes)
[    0.029212] Mount-cache hash table entries: 2048 (order: 2, 16384 bytes)
[    0.030022] Mountpoint-cache hash table entries: 2048 (order: 2, 16384 bytes)
[    0.040589] Last level iTLB entries: 4KB 64, 2MB 8, 4MB 8
[    0.041979] Last level dTLB entries: 4KB 64, 2MB 0, 4MB 0, 1GB 4
[    0.042709] Spectre V1 : Mitigation: usercopy/swapgs barriers and __user pointer sanitization
[    0.043615] Spectre V2 : Mitigation: Retpolines
[    0.044000] Spectre V2 : Spectre v2 / SpectreRSB mitigation: Filling RSB on context switch
[    0.044065] Spectre V2 : Spectre v2 / SpectreRSB : Filling RSB on VMEXIT
[    0.045122] RETBleed: WARNING: Spectre v2 mitigation leaves CPU vulnerable to RETBleed attacks, data leaks possible!
[    0.046288] RETBleed: Vulnerable
[    0.046778] Speculative Store Bypass: Vulnerable
[    0.049141] MDS: Vulnerable: Clear CPU buffers attempted, no microcode
[    0.049799] MMIO Stale Data: Vulnerable: Clear CPU buffers attempted, no microcode
[    0.055617] Freeing SMP alternatives memory: 36K
[    0.212144] smpboot: CPU0: Intel(R) Core(TM) i7-6700K CPU @ 4.00GHz (family: 0x6, model: 0x5e, stepping: 0x3)
[    0.216232] Performance Events: unsupported p6 CPU model 94 no PMU driver, software events only.
[    0.218431] Hierarchical SRCU implementation.
[    0.228000] NMI watchdog: Perf event create on CPU 0 failed with -2
[    0.228070] NMI watchdog: Perf NMI watchdog permanently disabled
[    0.231492] smp: Bringing up secondary CPUs ...
[    0.237280] x86: Booting SMP configuration:
[    0.237635] .... node  #0, CPUs:      #1
[    0.004000] kvm-clock: cpu 1, msr 0:3ff44041, secondary cpu clock
[    0.240556] smp: Brought up 1 node, 2 CPUs
[    0.240556] smpboot: Max logical packages: 1
[    0.241080] smpboot: Total of 2 processors activated (96.07 BogoMIPS)
[    0.252135] devtmpfs: initialized
[    0.257934] x86/mm: Memory block size: 128MB
[    0.269724] evm: security.selinux
[    0.269988] evm: security.SMACK64
[    0.270476] evm: security.SMACK64EXEC
[    0.270874] evm: security.SMACK64TRANSMUTE
[    0.271179] evm: security.SMACK64MMAP
[    0.271445] evm: security.apparmor
[    0.271855] evm: security.ima
[    0.272000] evm: security.capability
[    0.278229] clocksource: jiffies: mask: 0xffffffff max_cycles: 0xffffffff, max_idle_ns: 7645041785100000 ns
[    0.278229] futex hash table entries: 512 (order: 3, 32768 bytes)
[    0.281238] pinctrl core: initialized pinctrl subsystem
[    0.285507] RTC time: 13:24:57, date: 02/14/23
[    0.296000] NET: Registered protocol family 16
[    0.301832] audit: initializing netlink subsys (disabled)
[    0.304127] audit: type=2000 audit(1676381119.631:1): state=initialized audit_enabled=0 res=1
[    0.312308] cpuidle: using governor ladder
[    0.313042] cpuidle: using governor menu
[    0.315758] ACPI: bus type PCI registered
[    0.316000] acpiphp: ACPI Hot Plug PCI Controller Driver version: 0.5
[    0.319764] PCI: Using configuration type 1 for base access
[    0.412391] HugeTLB registered 2.00 MiB page size, pre-allocated 0 pages
[    0.425725] ACPI: Added _OSI(Module Device)
[    0.426241] ACPI: Added _OSI(Processor Device)
[    0.426575] ACPI: Added _OSI(3.0 _SCP Extensions)
[    0.426899] ACPI: Added _OSI(Processor Aggregator Device)
[    0.428097] ACPI: Added _OSI(Linux-Dell-Video)
[    0.428415] ACPI: Added _OSI(Linux-Lenovo-NV-HDMI-Audio)
[    0.428756] ACPI: Added _OSI(Linux-HPI-Hybrid-Graphics)
[    0.434571] ACPI: Executed 1 blocks of module-level executable AML code
[    0.736311] ACPI: Interpreter enabled
[    0.737079] ACPI: (supports S0 S5)
[    0.737693] ACPI: Using IOAPIC for interrupt routing
[    0.756206] PCI: Using host bridge windows from ACPI; if necessary, use "pci=nocrs" and report a bug
[    0.764466] ACPI: Enabled 2 GPEs in block 00 to 07
[    1.167475] ACPI: PCI Root Bridge [PCI0] (domain 0000 [bus 00-ff])
[    1.168249] acpi PNP0A03:00: _OSC: OS supports [ASPM ClockPM Segments MSI]
[    1.208885] acpi PNP0A03:00: _OSC: not requesting OS control; OS requires [ExtendedConfig ASPM ClockPM MSI]
[    1.210356] acpi PNP0A03:00: fail to add MMCONFIG information, can't access extended PCI configuration space under this bridge.
[    1.224160] PCI host bridge to bus 0000:00
[    1.224713] pci_bus 0000:00: root bus resource [io  0x0000-0x0cf7 window]
[    1.225318] pci_bus 0000:00: root bus resource [io  0x0d00-0xffff window]
[    1.226176] pci_bus 0000:00: root bus resource [mem 0x000a0000-0x000bffff window]
[    1.226747] pci_bus 0000:00: root bus resource [mem 0x40000000-0xfdffffff window]
[    1.227614] pci_bus 0000:00: root bus resource [bus 00-ff]
[    1.243092] pci 0000:00:01.1: legacy IDE quirk: reg 0x10: [io  0x01f0-0x01f7]
[    1.243717] pci 0000:00:01.1: legacy IDE quirk: reg 0x14: [io  0x03f6]
[    1.244164] pci 0000:00:01.1: legacy IDE quirk: reg 0x18: [io  0x0170-0x0177]
[    1.244749] pci 0000:00:01.1: legacy IDE quirk: reg 0x1c: [io  0x0376]
[    1.273933] pci 0000:00:07.0: quirk: [io  0x4000-0x403f] claimed by PIIX4 ACPI
[    1.274583] pci 0000:00:07.0: quirk: [io  0x4100-0x410f] claimed by PIIX4 SMB
[    1.362090] ACPI: PCI Interrupt Link [LNKA] (IRQs 5 9 10 *11)
[    1.384588] ACPI: PCI Interrupt Link [LNKB] (IRQs 5 9 *10 11)
[    1.390541] ACPI: PCI Interrupt Link [LNKC] (IRQs 5 *9 10 11)
[    1.396783] ACPI: PCI Interrupt Link [LNKD] (IRQs 5 9 10 *11)
[    1.419447] SCSI subsystem initialized
[    1.424449] pci 0000:00:02.0: vgaarb: setting as boot VGA device
[    1.425069] pci 0000:00:02.0: vgaarb: VGA device added: decodes=io+mem,owns=io+mem,locks=none
[    1.425843] pci 0000:00:02.0: vgaarb: bridge control possible
[    1.426328] vgaarb: loaded
[    1.428574] ACPI: bus type USB registered
[    1.430300] usbcore: registered new interface driver usbfs
[    1.431778] usbcore: registered new interface driver hub
[    1.432272] usbcore: registered new device driver usb
[    1.434886] EDAC MC: Ver: 3.0.0
[    1.440912] PCI: Using ACPI for IRQ routing
[    1.446957] NetLabel: Initializing
[    1.447450] NetLabel:  domain hash size = 128
[    1.447790] NetLabel:  protocols = UNLABELED CIPSOv4 CALIPSO
[    1.448603] NetLabel:  unlabeled traffic allowed by default
[    1.452883] clocksource: Switched to clocksource kvm-clock
[    2.388390] VFS: Disk quotas dquot_6.6.0
[    2.390029] VFS: Dquot-cache hash table entries: 512 (order 0, 4096 bytes)
[    2.397198] AppArmor: AppArmor Filesystem Enabled
[    2.398220] pnp: PnP ACPI init
[    2.449866] pnp: PnP ACPI: found 3 devices
[    2.559641] clocksource: acpi_pm: mask: 0xffffff max_cycles: 0xffffff, max_idle_ns: 2085701024 ns
[    2.564945] NET: Registered protocol family 2
[    2.567350] IP idents hash table entries: 16384 (order: 5, 131072 bytes)
[    2.582778] TCP established hash table entries: 8192 (order: 4, 65536 bytes)
[    2.584965] TCP bind hash table entries: 8192 (order: 5, 131072 bytes)
[    2.586638] TCP: Hash tables configured (established 8192 bind 8192)
[    2.587741] UDP hash table entries: 512 (order: 2, 16384 bytes)
[    2.588789] UDP-Lite hash table entries: 512 (order: 2, 16384 bytes)
[    2.590869] NET: Registered protocol family 1
[    2.591583] pci 0000:00:00.0: Limiting direct PCI/PCI transfers
[    2.592369] pci 0000:00:01.0: Activating ISA DMA hang workarounds
[    2.593172] pci 0000:00:02.0: Video device with shadowed ROM at [mem 0x000c0000-0x000dffff]
[    2.595599] Unpacking initramfs...
[   16.177200] Freeing initrd memory: 19528K
[   16.179185] clocksource: tsc: mask: 0xffffffffffffffff max_cycles: 0x58a1dcb59, max_idle_ns: 440795203133 ns
[   16.181386] platform rtc_cmos: registered platform RTC device (no PNP device found)
[   16.182787] Scanning for low memory corruption every 60 seconds
[   16.208896] Initialise system trusted keyrings
[   16.210158] Key type blacklist registered
[   16.212736] workingset: timestamp_bits=36 max_order=18 bucket_order=0
[   16.319527] zbud: loaded
[   16.350438] squashfs: version 4.0 (2009/01/31) Phillip Lougher
[   16.361543] fuse init (API version 7.26)
[   16.426734] Key type asymmetric registered
[   16.427369] Asymmetric key parser 'x509' registered
[   16.430349] Block layer SCSI generic (bsg) driver version 0.4 loaded (major 246)
[   16.432797] io scheduler noop registered
[   16.433277] io scheduler deadline registered
[   16.435688] io scheduler cfq registered (default)
[   16.447207] ACPI: AC Adapter [AC] (off-line)
[   16.450120] input: Power Button as /devices/LNXSYSTM:00/LNXPWRBN:00/input/input0
[   16.451387] ACPI: Power Button [PWRF]
[   16.453924] input: Sleep Button as /devices/LNXSYSTM:00/LNXSLPBN:00/input/input1
[   16.455603] ACPI: Sleep Button [SLPF]
[   16.469144] Serial: 8250/16550 driver, 32 ports, IRQ sharing enabled
[   16.491750] 00:02: ttyS0 at I/O 0x3f8 (irq = 4, base_baud = 115200) is a 16550A
[   16.510316] ACPI: Battery Slot [BAT0] (battery present)
[   16.605850] Linux agpgart interface v0.103
[   16.690131] loop: module loaded
[   16.713885] scsi host0: ata_piix
[   16.719208] scsi host1: ata_piix
[   16.722009] ata1: PATA max UDMA/33 cmd 0x1f0 ctl 0x3f6 bmdma 0xd000 irq 14
[   16.722634] ata2: PATA max UDMA/33 cmd 0x170 ctl 0x376 bmdma 0xd008 irq 15
[   16.727282] tun: Universal TUN/TAP device driver, 1.6
[   16.730005] PPP generic driver version 2.4.2
[   16.732829] ehci_hcd: USB 2.0 'Enhanced' Host Controller (EHCI) Driver
[   16.733656] ehci-pci: EHCI PCI platform driver
[   16.734298] ehci-platform: EHCI generic platform driver
[   16.735237] ohci_hcd: USB 1.1 'Open' Host Controller (OHCI) Driver
[   16.735878] ohci-pci: OHCI PCI platform driver
[   16.737027] ohci-platform: OHCI generic platform driver
[   16.737795] uhci_hcd: USB Universal Host Controller Interface driver
[   16.740380] i8042: PNP: PS/2 Controller [PNP0303:PS2K,PNP0f03:PS2M] at 0x60,0x64 irq 1,12
[   16.743704] serio: i8042 KBD port at 0x60,0x64 irq 1
[   16.745916] serio: i8042 AUX port at 0x60,0x64 irq 12
[   16.750794] mousedev: PS/2 mouse device common for all mice
[   16.758113] input: AT Translated Set 2 keyboard as /devices/platform/i8042/serio0/input/input2
[   16.762093] rtc_cmos rtc_cmos: rtc core: registered rtc_cmos as rtc0
[   16.762703] rtc_cmos rtc_cmos: alarms up to one day, 114 bytes nvram
[   16.763541] i2c /dev entries driver
[   16.766591] device-mapper: uevent: version 1.0.3
[   16.770241] device-mapper: ioctl: 4.37.0-ioctl (2017-09-20) initialised: dm-devel@redhat.com
[   16.771786] ledtrig-cpu: registered to indicate activity on CPUs
[   16.790423] NET: Registered protocol family 10
